[
	{
		"hash": "3B166C3B7DC4B751C9FE2AFAB9135641E388E186",
		"pem": "MIIEBDCCAuygAwIBAgIIGHqpqMKWIQwwDQYJKoZIhvcNAQELBQAwYjELMAkGA1UE\nBhMCVVMxEzARBgNVBAoTCkFwcGxlIEluYy4xJjAkBgNVBAsTHUFwcGxlIENlcnRp\nZmljYXRpb24gQXV0aG9yaXR5MRYwFAYDVQQDEw1BcHBsZSBSb290IENBMB4XDTEy\nMDIwMTIyMTIxNVoXDTI3MDIwMTIyMTIxNVoweTEtMCsGA1UEAwwkRGV2ZWxvcGVy\nIElEIENlcnRpZmljYXRpb24gQXV0aG9yaXR5MSYwJAYDVQQLDB1BcHBsZSBDZXJ0\naWZpY2F0aW9uIEF1dGhvcml0eTETMBEGA1UECgwKQXBwbGUgSW5jLjELMAkGA1UE\nBhMCVVMwggEiMA0GCSqGSIb3DQEBAQUAA4IBDwAwggEKAoIBAQCJdk8GW5pB7qUj\nKwKjX9dzP8A1sIuECj8GJH+nlT/rTw6Tr7QO0Mg+5W0Ysx/oiUe/1wkI5P9WmCkV\n55SduTWjCs20wOHiYPTK7Cl4RWlpYGtfipL8niPmOsIiszFPHLrytjRZQu6wqQID\nGJEEtrN4LjMfgEUNRW+7Dlpbfzrn2AjXCw4ybfuGNuRsq8QRinCEJqqfRNHxuMZ7\nlBebSPcLWBa6I8WfFTl+yl3DMl8P4FJ/QOq+rAhklVvJGpzlgMofakQcbD7EsCYf\nHex7r16gaj1HqVgSMT8gdihtHRywwk4RaSaLy9bQEYLJTg/xVnTQ2QhLZniiq6yn\n4tJMh1nJAgMBAAGjgaYwgaMwHQYDVR0OBBYEFFcX7aLP3HyYoRDg/L6HLSzy4xdU\nMA8GA1UdEwEB/wQFMAMBAf8wHwYDVR0jBBgwFoAUK9BpR5R2Cf70a40uQKb3R01/\nCF4wLgYDVR0fBCcwJTAjoCGgH4YdaHR0cDovL2NybC5hcHBsZS5jb20vcm9vdC5j\ncmwwDgYDVR0PAQH/BAQDAgGGMBAGCiqGSIb3Y2QGAgYEAgUAMA0GCSqGSIb3DQEB\nCwUAA4IBAQBCOXRrodzGpI83KoyzHQpEvJUsf7xZuKxh+weQkjK51L87wVA5akR0\nouxbH3Dlqt1LbBwjcS1f0cWTvu6binBlgp0W4xoQF4ktqM39DHhYSQwofzPuAHob\ntHastrW7T9+oG53IGZdKC1ZnL8I+trPEgzrwd210xC4jUe6apQNvYPSlSKcGwrta\n4h8fRkV+5Jf1JxC3ICJyb3LaxlB1xT0lj12jAOmfNoxIOY+zO+qQgC6VmmD0eM70\nDgpTPqL6T9geroSVjTK8Vk2J6XgY4KyaQrp6RhuEoonOFOiI0ViL9q5WxCwFKkWv\nC9lLqQIPNKyIx2FViUTJJ3MH7oLlTvVw"
	},
	{
		"hash": "0950B6CD3D2F37EA246A1AAA20DFAADBD6FE1F75",
		"pem": "MIIEIzCCAwugAwIBAgIBGTANBgkqhkiG9w0BAQUFADBiMQswCQYDVQQGEwJVUzET\nMBEGA1UEChMKQXBwbGUgSW5jLjEmMCQGA1UECxMdQXBwbGUgQ2VydGlmaWNhdGlv\nbiBBdXRob3JpdHkxFjAUBgNVBAMTDUFwcGxlIFJvb3QgQ0EwHhcNMDgwMjE0MTg1\nNjM1WhcNMTYwMjE0MTg1NjM1WjCBljELMAkGA1UEBhMCVVMxEzARBgNVBAoMCkFw\ncGxlIEluYy4xLDAqBgNVBAsMI0FwcGxlIFdvcmxkd2lkZSBEZXZlbG9wZXIgUmVs\nYXRpb25zMUQwQgYDVQQDDDtBcHBsZSBXb3JsZHdpZGUgRGV2ZWxvcGVyIFJlbGF0\naW9ucyBDZXJ0aWZpY2F0aW9uIEF1dGhvcml0eTCCASIwDQYJKoZIhvcNAQEBBQAD\nggEPADCCAQoCggEBAMo4VKbLVqrIJDlI6Yzu7F+4fyaRvDRTes58Y4Bhd2RepQcj\ntjn+UC0VVlhwLX7EbsFKhT4v8N6EGqFXya97GP9q+hUSSRUIGayq2yoy7ZZjaFIV\nPYyK7L9rGJXgA6wBfZcFZ84OhZU3au0Jtq5nzVFkn8Zc0bxXbmc1gHY2pIeBbjiP\n2CsVTnsl2Fq/ToPBjdKT1RpxtWCcnTNOVfkSWAyGuBYNweV3RY1QSLorLeSUheHo\nxJ3GaKWwo/xnfnC6AllLd0KRObn1zeFM78A7SIym5SFd/Wpqu6cWNWDS5q3zRinJ\n6MOL6XnAamFnFbLw/eVovGJfbs+Z3e8bY/6SZasCAwEAAaOBrjCBqzAOBgNVHQ8B\nAf8EBAMCAYYwDwYDVR0TAQH/BAUwAwEB/zAdBgNVHQ4EFgQUiCcXCam2GGCL7Ou6\n9kdZxVJUo7cwHwYDVR0jBBgwFoAUK9BpR5R2Cf70a40uQKb3R01/CF4wNgYDVR0f\nBC8wLTAroCmgJ4YlaHR0cDovL3d3dy5hcHBsZS5jb20vYXBwbGVjYS9yb290LmNy\nbDAQBgoqhkiG92NkBgIBBAIFADANBgkqhkiG9w0BAQUFAAOCAQEA2jIAlsVUlNM7\ngjdmfS5o1cPGuMsmjEiQzxMkakaOY9Tw0BMG3djEwTcV8jMTOSYtzi5VQOMLA6/6\nEsLnDSG41YDPrCgvzi2zTq+GGQTG6VDdTClHECP8bLsbmGtIieFbnd5G2zWFNe8+\n0OJYSzj07XVaH1xwHVY5EuXhDRHkiSUGvdW0FY5e0FmXkOlLgeLfGK9EdB4ZoDpH\nzJEdOusjWv6lLZf3e7vWh0ZChetSPSayY6i0scqP9Mzis8hH4L+aWYP62phTKoL1\nfGUuldkzXfXtZcwxN8VaBOhr4eeIA0p1npsoy0pAiGVDdd3LOiUjxZ5X+C7O0qmS\nXnMuLyV1FQ=="
	},
	{
		"hash": "4BBBD768D1A5D61FA9B7F5E9F211F054CFB2E73E",
		"pem": "MIIFmTCCBIGgAwIBAgIIVggUK9gU5EgwDQYJKoZIhvcNAQEFBQAwgZYxCzAJBgNV\nBAYTAlVTMRMwEQYDVQQKDApBcHBsZSBJbmMuMSwwKgYDVQQLDCNBcHBsZSBXb3Js\nZHdpZGUgRGV2ZWxvcGVyIFJlbGF0aW9uczFEMEIGA1UEAww7QXBwbGUgV29ybGR3\naWRlIERldmVsb3BlciBSZWxhdGlvbnMgQ2VydGlmaWNhdGlvbiBBdXRob3JpdHkw\nHhcNMTQwMjExMTI0MzIwWhcNMTUwMjExMTI0MzIwWjCBjDEaMBgGCgmSJomT8ixk\nAQEMCkxYV0RTSDZQWTYxNjA0BgNVBAMMLWlQaG9uZSBEZXZlbG9wZXI6IFRzdmV0\nYW4gUmFpa292ICg5SFE4MjdGTFZLKTETMBEGA1UECwwKQ0hTUTNNM1AzNzEUMBIG\nA1UECgwLVGVsZXJpayBBIEQxCzAJBgNVBAYTAkJHMIIBIjANBgkqhkiG9w0BAQEF\nAAOCAQ8AMIIBCgKCAQEA1Jo4zPQnN6g26ezUQTdPQ1SLLgE/5RVGivOZHHYBkPxR\nCJIrlt2o1pjfykgLE8xCo0CkNRseAhqeRVBciTtktoDbBI9WnA3DVGvWiuRi1JI5\nt26BClZiYJH/Zkt42oVNGXyLjLuE40mc8oqeSS5z3KaDuF+oQ5ItRMDaTL7wBxbE\nxmIkE6Qdtjwnu4TLqeGVcIDTe2JBkC+UTeVzqAOOSXSA8ufFw4vf2WS6b4CahU+0\nhHVvggxjNcVQ6wH5SWnPBI0F1Fx5HKnqmrRN6d5SWQVQEsgFzfkuDmO0xPNB6Ufp\n3sOujlX909C/e0zYaEXNDOQiV6iMtJKxaiAbqBFFRwIDAQABo4IB8TCCAe0wHQYD\nVR0OBBYEFMVy//epz7d2qUPMoVbkuo1SQMjJMAwGA1UdEwEB/wQCMAAwHwYDVR0j\nBBgwFoAUiCcXCam2GGCL7Ou69kdZxVJUo7cwggEPBgNVHSAEggEGMIIBAjCB/wYJ\nKoZIhvdjZAUBMIHxMIHDBggrBgEFBQcCAjCBtgyBs1JlbGlhbmNlIG9uIHRoaXMg\nY2VydGlmaWNhdGUgYnkgYW55IHBhcnR5IGFzc3VtZXMgYWNjZXB0YW5jZSBvZiB0\naGUgdGhlbiBhcHBsaWNhYmxlIHN0YW5kYXJkIHRlcm1zIGFuZCBjb25kaXRpb25z\nIG9mIHVzZSwgY2VydGlmaWNhdGUgcG9saWN5IGFuZCBjZXJ0aWZpY2F0aW9uIHBy\nYWN0aWNlIHN0YXRlbWVudHMuMCkGCCsGAQUFBwIBFh1odHRwOi8vd3d3LmFwcGxl\nLmNvbS9hcHBsZWNhLzBNBgNVHR8ERjBEMEKgQKA+hjxodHRwOi8vZGV2ZWxvcGVy\nLmFwcGxlLmNvbS9jZXJ0aWZpY2F0aW9uYXV0aG9yaXR5L3d3ZHJjYS5jcmwwDgYD\nVR0PAQH/BAQDAgeAMBYGA1UdJQEB/wQMMAoGCCsGAQUFBwMDMBMGCiqGSIb3Y2QG\nAQIBAf8EAgUAMA0GCSqGSIb3DQEBBQUAA4IBAQBtKkPHM6XeOcnRSkbn6otAjK55\ny+pyLo18azP8ovCaNqXQjrmCDXTLOZssEUhXd2tvlCTv/ZqJeE6oBa+6qSfqeQ6T\n8SX1B/mZabSmNHTGFoezWZ1Zm/c51nFHsc/WE6muLcs4DovqjVe/MK7X5bpqf6O5\n5axdm39nOz8INUY+NMTmiPixkGpI/1z0gwN4RdD0OqyxdDCL60r8uIDxxOWDDy28\nwFIzGVMRBO40pPu3LYoj4E78j+iAPqFxP2/5G0whe5jmJa7pJmNro5F9COEL4HYT\nz6fxSZa2A5x2sU+W8E7nz/+1vQQ25D/VBFgKponDEbzts2EcKHah3gJbsfqF"
	},
	{
		"hash": "E774DCE3E91D642344F81E00FD901B3256484CAA",
		"pem": "MIIFmjCCBIKgAwIBAgIII11d0wV6k18wDQYJKoZIhvcNAQEFBQAwgZYxCzAJBgNV\nBAYTAlVTMRMwEQYDVQQKDApBcHBsZSBJbmMuMSwwKgYDVQQLDCNBcHBsZSBXb3Js\nZHdpZGUgRGV2ZWxvcGVyIFJlbGF0aW9uczFEMEIGA1UEAww7QXBwbGUgV29ybGR3\naWRlIERldmVsb3BlciBSZWxhdGlvbnMgQ2VydGlmaWNhdGlvbiBBdXRob3JpdHkw\nHhcNMTQwMTA4MDk0ODIwWhcNMTUwMTA4MDk0ODIwWjCBjTEaMBgGCgmSJomT8ixk\nAQEMClc2NkRDOEdXWlExNzA1BgNVBAMMLmlQaG9uZSBEZXZlbG9wZXI6IEVtaWwg\nTWFyYXNobGlldiAoTTU3WFVDQVhFOSkxEzARBgNVBAsMCkNIU1EzTTNQMzcxFDAS\nBgNVBAoMC1RlbGVyaWsgQSBEMQswCQYDVQQGEwJCRzCCASIwDQYJKoZIhvcNAQEB\nBQADggEPADCCAQoCggEBAMLlgMTFANsXvgzz4Kj5W3EiAUaj2r3wKqCaFreRcNH+\nKEjOJFZN75Y0RkC9kNoE8b+RHmTHSlgPf0G4kyp/tKVB97gQmd6j+1hbsSG9efzi\nHTfsFjtsNcOApfdMKyDI8/I7nh2tuM9QGwtXYRBx0Hh5F9edIu4jaYdqUu7I5zXJ\nf2n+cPvj9OFpO/aD/WZB/eJ33wwRx66bBUBTvrBqBPaqrPgTUBpvDObYySPbXqaD\nIgCbExFeDb21/Oh9/aMCwCtX/VHTiuahO9knlhCpXh7vVUF0qlIhngiXv37p7tDF\nnJj4Tv1NDvBrydefbJlO7mQlX5REv+NyifYhLZj1ypsCAwEAAaOCAfEwggHtMB0G\nA1UdDgQWBBSRmbJTXR020AWUX4os0xwPk+LEUTAMBgNVHRMBAf8EAjAAMB8GA1Ud\nIwQYMBaAFIgnFwmpthhgi+zruvZHWcVSVKO3MIIBDwYDVR0gBIIBBjCCAQIwgf8G\nCSqGSIb3Y2QFATCB8TCBwwYIKwYBBQUHAgIwgbYMgbNSZWxpYW5jZSBvbiB0aGlz\nIGNlcnRpZmljYXRlIGJ5IGFueSBwYXJ0eSBhc3N1bWVzIGFjY2VwdGFuY2Ugb2Yg\ndGhlIHRoZW4gYXBwbGljYWJsZSBzdGFuZGFyZCB0ZXJtcyBhbmQgY29uZGl0aW9u\ncyBvZiB1c2UsIGNlcnRpZmljYXRlIHBvbGljeSBhbmQgY2VydGlmaWNhdGlvbiBw\ncmFjdGljZSBzdGF0ZW1lbnRzLjApBggrBgEFBQcCARYdaHR0cDovL3d3dy5hcHBs\nZS5jb20vYXBwbGVjYS8wTQYDVR0fBEYwRDBCoECgPoY8aHR0cDovL2RldmVsb3Bl\nci5hcHBsZS5jb20vY2VydGlmaWNhdGlvbmF1dGhvcml0eS93d2RyY2EuY3JsMA4G\nA1UdDwEB/wQEAwIHgDAWBgNVHSUBAf8EDDAKBggrBgEFBQcDAzATBgoqhkiG92Nk\nBgECAQH/BAIFADANBgkqhkiG9w0BAQUFAAOCAQEAZlSj7LP1CmkXGBnUhAwEqjZM\ngRfM6sfZ6EiEqUhN7yYbzNPyUO6tgTEjxtOXfb59CfHtBSkrFu7xps2Xl2XJLqfg\nGmyAURHo40bXo5GpDV9mH9jsTSSy8fIQMllmDQfx+yq715FLp+k1NF5JvMVJ3L7h\nMTsQAtCTNL8IFHZUVJM6SOAmyMNKndwobquQ12ndTRi6r/LydV5dAVLM44RAbMUf\nKnd3WGKKS2xYfgSWiOIQjRA3+LUffYJ1Zm+QZ4zP0auJkE0TMGcOZNXWmKjv8Zmb\nom/IfnrhFm4c/a+qAeInlIJ+c2ds5qvTGaxMAkMNmapD9cn2UgZhv1yphN73qQ=="
	}
]
